// Jest Snapshot v1, https://goo.gl/fbAQLP

exports[`tests for experiment route Find experiment by id works 1`] = `
Object {
  "experimentId": "someId",
  "experimentName": "ExperimentName",
  "meta": Object {
    "gem2s": Object {
      "executionArn": "",
      "paramsHash": "",
      "stateMachineArn": "",
    },
    "organism": null,
    "pipeline": Object {
      "executionArn": "",
      "stateMachineArn": "",
    },
    "type": "10x",
  },
  "projectId": "projectUuid",
  "sampleIds": Array [
    "sampleId1",
  ],
}
`;
