// Jest Snapshot v1, https://goo.gl/fbAQLP

exports[`sendFailedSlackMessage Sends slack message with correct fields for Gem2s 1`] = `
Array [
  Array [
    "http://mockSlackHook.com/asdasd",
    Object {
      "body": "{\\"blocks\\":[{\\"type\\":\\"section\\",\\"text\\":{\\"type\\":\\"mrkdwn\\",\\"text\\":\\"\\\\n          *gem2s* has failed for experiment *anotherExpId*\\\\n          *Step*: someStep\\\\n          *State machine ARN*: gem2sArn\\\\n          *Deployment*: local-test\\\\n          \\"}},{\\"type\\":\\"context\\",\\"elements\\":[{\\"type\\":\\"mrkdwn\\",\\"text\\":\\"*User email:*\\"},{\\"type\\":\\"mrkdwn\\",\\"text\\":\\"johncena@gmail.com\\"},{\\"type\\":\\"mrkdwn\\",\\"text\\":\\"*User name:*\\"},{\\"type\\":\\"plain_text\\",\\"text\\":\\"John Cena\\"},{\\"type\\":\\"mrkdwn\\",\\"text\\":\\"*User UUID:*\\"},{\\"type\\":\\"plain_text\\",\\"text\\":\\"032cdb44-0cd3-4d58-af21-850kp0b95ac7\\"}]}]}",
      "method": "POST",
    },
  ],
]
`;

exports[`sendFailedSlackMessage Sends slack message with correct fields for QC 1`] = `
Array [
  Array [
    "http://mockSlackHook.com/asdasd",
    Object {
      "body": "{\\"blocks\\":[{\\"type\\":\\"section\\",\\"text\\":{\\"type\\":\\"mrkdwn\\",\\"text\\":\\"\\\\n          *qc* has failed for experiment *asd123*\\\\n          *Step*: Task 1\\\\n          *State machine ARN*: qcArn\\\\n          *Deployment*: local-test\\\\n          \\"}},{\\"type\\":\\"context\\",\\"elements\\":[{\\"type\\":\\"mrkdwn\\",\\"text\\":\\"*User email:*\\"},{\\"type\\":\\"mrkdwn\\",\\"text\\":\\"johncena@gmail.com\\"},{\\"type\\":\\"mrkdwn\\",\\"text\\":\\"*User name:*\\"},{\\"type\\":\\"plain_text\\",\\"text\\":\\"John Cena\\"},{\\"type\\":\\"mrkdwn\\",\\"text\\":\\"*User UUID:*\\"},{\\"type\\":\\"plain_text\\",\\"text\\":\\"032cdb44-0cd3-4d58-af21-850kp0b95ac7\\"}]}]}",
      "method": "POST",
    },
  ],
]
`;
