// Jest Snapshot v1, https://goo.gl/fbAQLP

exports[`submitWorkEmbedding submits the work and the ETag / params are correct 1`] = `Array []`;

exports[`submitWorkEmbedding submits the work and the ETag / params are correct 2`] = `"4f9c58d4db390500745d62b5f7ee181c"`;
