// Jest Snapshot v1, https://goo.gl/fbAQLP

exports[`submitWorkEmbedding submits the work and the ETag / params are correct 1`] = `Array []`;

exports[`submitWorkEmbedding submits the work and the ETag / params are correct 2`] = `"df50998806a38da5544061096143add9"`;
