// Jest Snapshot v1, https://goo.gl/fbAQLP

exports[`gem2sCreate works correctly 1`] = `
Array [
  Object {
    "experiment_id": "mockExperimentId",
    "pipeline_type": "gem2s",
  },
  Object {
    "execution_arn": "mockExecutionArn",
    "params_hash": "mockParamsHash",
    "state_machine_arn": "mockStateMachineArn",
  },
]
`;

exports[`gem2sCreate works correctly 2`] = `
Array [
  "mockExperimentId",
  Object {
    "apiVersion": "v2",
    "authJWT": "mockAuthJWT",
    "experimentName": "asdsadsada",
    "input": Object {
      "type": "10x",
    },
    "organism": null,
    "projectId": "mockExperimentId",
    "sampleIds": Array [
      "fc68aefc-c3ca-467f-8589-f1dbaaac1c1e",
    ],
    "sampleNames": Array [
      "WT1",
    ],
    "sampleS3Paths": Array [
      Object {
        "barcodes10x": "37d9e601-9278-437c-a776-40fe94680833",
        "features10x": "1ee00087-e98a-4390-a3cb-392a3f6d09d8",
        "matrix10x": "68f74995-3689-401a-90e0-145e08049cd5",
      },
    ],
  },
]
`;

exports[`gem2sResponse works correctly 1`] = `
Array [
  "ExperimentUpdates-mockExperimentId",
  Object {
    "experimentId": "mockExperimentId",
    "input": Object {},
    "response": Object {},
    "status": Object {
      "status": Object {
        "gem2s": Object {
          "completedSteps": Array [
            "DownloadGem",
          ],
          "error": false,
          "paramsHash": "26ad7a4511235d14b30f2a0d06fcb55fcd6d5649", // pragma: allowlist secret
          "startDate": "2022-05-10T16:30:16.268Z",
          "status": "RUNNING",
          "stopDate": null,
        },
      },
    },
    "type": "gem2s",
  },
]
`;
