// Jest Snapshot v1, https://goo.gl/fbAQLP

exports[`model/Sample updateUploadStatus works correctly if valid params are passed 1`] = `
Array [
  Array [
    Object {
      "id": "fileId1",
    },
  ],
]
`;
